Expected an opening parenthesis after the function's name.