There is no static method with signature `methodOnFoo()` on `Bar`.