Expected a superclass name. Superclasses must begin with an uppercase letter.