Class `Foo` cannot inherit from built-in class `Range`.