Class `Subclass` cannot inherit from built-in class `List`.