[a, b, c]
[d, a, b, c]
[a, d, b, c]
[a, b, d, c]
[a, b, c, d]
[a, b, c, d]
[a, b, d, c]
[a, d, b, c]
[d, a, b, c]