[0, 0, 1, 2, 3, 3, 4, 6, 8, 9]
[0, 0, 1, 2, 3, 3, 4, 6, 9, a]
[0, 0, 1, 2, 3, 3, 4, 9, a, Person instance]