Expected range index to be a positive integer. Instead got `-1`.