[Iron Man, Hulk]
[Hulk, Black Panther]
[Iron Man, Hulk, Black Panther]