`this` can only be used within a method or constructor.