A switch statement must include at least one case.