Expected lowercase identifier but got constructor instead.