Expected an opening parenthesis after the `constructor` keyword.