There is no `Bar` constructor that expects 1 argument.