Expected an opening parenthesis or a dot after `super`.