new A two
new B one
new C
true
true
true
two
one
c