There is already a variable with this name (arg) in this scope.