Expected a variable name. Variable names must be lowercase.