Expected a variable name. Variable names must begin with a lowercase letter.