Fields can only be accessed from within a method or constructor.