Incomplete Unicode escape sequence. Expected 4 hex digits after `\u`.