Unterminated string literal. Expected a closing double quote.