Expected a `:` after the 'then' expression of the conditional operator.