no args
1
3
6
10
15
21
28
36
45
55
66
78
91
105
120
136