There is no static method with signature `someUnknownMethod(_,_)` on `Foo`.