There is no instance method with signature `someUnknownMethod(_,_,_,_,_,_,_,_,_,_,_)` on `Foo class`.