There is no static method with signature `someUnknownMethod(_)` on `Foo`.