infix + a
infix - a
infix * a
infix / a
infix % a
infix < a
infix > a
infix <= a
infix >= a
infix == a
infix <> a
infix & a
infix | a
prefix not
prefix ~
prefix -
infix is a