There is no static method with signature `bar()` on `Foo`.