on instance
on metaclass
on instance arg
on metaclass arg