`List` instance does not implement `[_,_,_,_,_,_,_,_,_,_,_,_,_,_,_,_]=(_)`.