Derived.bar
Base.foo
Derived.baz=Hello
Base.baz=Hello