Derived.bar(a)
Base.foo
Base.foo(a)
Base.foo(a, b)