From Person instance
Aoife
From Person instance
From Doctor instance
Fiona
From Person instance
From Doctor instance
From Radiologist instance
Garry