Hello stranger from Person
Hello stranger from Doctor
Hello stranger from Person
Hello stranger from Radiologist
Hello stranger from Doctor
Hello stranger from Person