The superclass (`Base`) of `Derived` does not define `doesNotExist(_)`.