Nested classes are not permitted. Classes may only be declared globally.