Expected a class name beginning with an uppercase letter.