test0
test1
test2
test0
test1
test2
test0
test1
test2
testSubscript
test0
testSubscript
test0
test0
test1
test2
test0
test1
test2
test0
test1
test2
testSubscript
test0
testSubscript
test0
test0
test1
test2
test0
test1
test2
test0
test1
test2
testSubscript
test0
testSubscript
test0
test0
test1
test2
test0
test1
test2
test0
test1
test2
testSubscript
test0
testSubscript
test0
test0
test1
test2
test0
test1
test2
test0
test1
test2
testSubscript
test0
testSubscript
test0