Expected a new line or EOF after a variable declaration.