There is already a variable with this name (a) in this scope.