Expected lowercase identifier but got foreign instead.