Expected a new line after foreign method declaration.