outer 0
inner 0
inner 1
inner 2
outer 1
inner 0
inner 1
inner 2
outer 2